Resolving dependencies...
Downloading packages...
  _fe_analyzer_shared 85.0.0 (103.0.0 available)
  analyzer 7.6.0 (13.3.0 available)
  analyzer_plugin 0.13.4 (0.14.12 available)
  async 2.13.0 (2.13.1 available)
  build 2.5.4 (4.0.6 available)
  build_config 1.1.2 (1.3.0 available)
  build_resolvers 2.5.4 (3.0.4 available)
  build_runner 2.5.4 (2.15.0 available)
  build_runner_core 9.1.2 (9.3.2 available)
  custom_lint_core 0.7.5 (0.8.2 available)
  custom_lint_visitor 1.0.0+7.7.0 (1.0.0+9.0.0 available)
  dart_style 3.1.1 (3.1.9 available)
  dbus 0.7.13 (0.7.14 available)
  flutter_dotenv 5.2.1 (6.0.1 available)
  flutter_lints 3.0.2 (6.0.0 available)
  flutter_map 7.0.2 (8.3.0 available)
  flutter_map_cancellable_tile_provider 3.0.2 (discontinued replaced by flutter_map)
  flutter_riverpod 2.6.1 (3.3.2 available)
  freezed 2.5.8 (3.2.5 available)
  freezed_annotation 2.4.4 (3.1.0 available)
  geolocator 14.0.2 (14.0.3 available)
  geolocator_android 5.0.2 (5.0.3 available)
  geolocator_apple 2.3.13 (2.3.14 available)
  geolocator_linux 0.2.4 (0.2.6 available)
  geolocator_platform_interface 4.2.6 (4.2.8 available)
  geolocator_web 4.1.3 (4.1.4 available)
  go_router 14.8.1 (17.3.0 available)
  json_annotation 4.9.0 (4.12.0 available)
  json_serializable 6.9.5 (6.14.0 available)
  latlong2 0.9.1 (0.10.1 available)
  lints 3.0.0 (6.1.0 available)
  matcher 0.12.19 (0.12.20 available)
  meta 1.17.0 (1.18.3 available)
  mgrs_dart 2.0.0 (3.0.0 available)
  package_config 2.2.0 (3.0.0 available)
  package_info_plus 9.0.1 (10.1.0 available)
  package_info_plus_platform_interface 3.2.1 (4.1.0 available)
  proj4dart 2.1.0 (3.0.0 available)
  riverpod 2.6.1 (3.3.2 available)
  riverpod_analyzer_utils 0.5.9 (0.5.10 available)
  riverpod_annotation 2.6.1 (4.0.3 available)
  riverpod_generator 2.6.4 (4.0.4 available)
  shared_preferences_android 2.4.23 (2.4.26 available)
  source_gen 2.0.0 (4.2.3 available)
  source_helper 1.3.7 (1.3.12 available)
  source_span 1.10.1 (1.10.2 available)
  test_api 0.7.10 (0.7.12 available)
  unicode 0.3.1 (1.1.9 available)
  vector_math 2.2.0 (2.4.0 available)
  vm_service 15.0.0 (15.2.0 available)
  win32 5.15.0 (6.3.0 available)
Got dependencies!
1 package is discontinued.
51 packages have newer versions incompatible with dependency constraints.
Try `flutter pub outdated` for more information.
Launching lib\main.dart on Web Server in debug mode...
Waiting for connection from debug service on Web Server...         20.4s
lib\main.dart is being served at http://localhost:3000
The web-server device requires the Dart Debug Chrome extension for debugging. Consider using the Chrome or Edge devices for an improved development workflow.

Flutter run key commands.
r Hot reload. 
R Hot restart.
h List all available interactive commands.
d Detach (terminate "flutter run" but leave application running).
c Clear the screen
q Quit (terminate the application on the device).

